// Jest Snapshot v1, https://goo.gl/fbAQLP

exports[`[RENDER] Field â€“ Snapshot test Matches the snapshot 1`] = `
<div
  class="button"
  className="Field"
>
  Color:
  <input
    onChange={[Function]}
  />
  <button
    id="ourbutton"
    onClick={[Function]}
    type="submit"
    value="Submit"
  >
    content
  </button>
</div>
`;
