// Jest Snapshot v1, https://goo.gl/fbAQLP

exports[`[RENDER] Square â€“ Snapshot test Matches the snapshot 1`] = `
<div
  className="Square"
>
  <div
    class="rectangle"
    style={
      Object {
        "backgroundColor": undefined,
      }
    }
    type="text"
    value="this.state.value"
  />
  <h1 />
</div>
`;
